// Jest Snapshot v1, https://goo.gl/fbAQLP

exports[`Input when loaded renders correctly 1`] = `
<div
  class="input"
>
  <input
    class="input__text"
    type="text"
  />
   
  <label
    class="label__text label__text"
    for="name"
  >
    
  </label>
   
  <!---->
</div>
`;
