// Jest Snapshot v1, https://goo.gl/fbAQLP

exports[`UnitList when loaded renders correctly 1`] = `
<div>
  <transition-stub
    name="fade"
  >
    <!---->
  </transition-stub>
   
  <!---->
   
  <div
    class="list"
  />
   
  <!---->
</div>
`;
