// Jest Snapshot v1, https://goo.gl/fbAQLP

exports[`Button when loaded renders correctly 1`] = `
<button
  class="button primary"
>
  Button
</button>
`;
