// Jest Snapshot v1, https://goo.gl/fbAQLP

exports[`Footer when loaded renders correctly 1`] = `
<div
  class="footer"
>
  <div
    class="footer__main"
  >
    <img
      alt="White logo"
      class="footer__main__img"
      src="@/assets/images/white.png"
    />
     
    <div
      class="body-small footer__main__copyright"
    >
      
      Copyright Â© 2020 Blueground. All rights reserved.
    
    </div>
  </div>
   
  <div
    class="footer__currency"
  >
    
    Currency:
    <img
      alt="Bitcoin"
      src="@/assets/icons/Bitcoin.svg"
    />
     
    <strong>
       Bitcoin
    </strong>
  </div>
</div>
`;
